---
sidebar: sidebar 
permalink: backup/hana-sc-vmfs-asar2-hana-prov.html 
keywords: SAP HANA, VMware, SnapCenter, backup and recovery 
summary:  
---
= HANA 시스템 프로비저닝 및 설치
:hardbreaks:
:allow-uri-read: 
:nofooter: 
:icons: font
:linkattrs: 
:imagesdir: ../media/


이 장에서는 VMFS를 사용한 VMware 설정과 관련된 SAP HANA 시스템의 설치 및 구성에 대해 설명합니다. 일반적인 추가 모범 사례는 에서 https://docs.netapp.com/us-en/netapp-solutions-sap/bp/hana-asa-fc-introduction.html["파이버 채널 프로토콜을 지원하는 NetApp ASA 시스템 기반 SAP HANA"]확인할 수 있습니다.



== 스토리지 구성

SAP가 프로덕션 HANA 시스템에 대해 정의한 스토리지 성능 KPI를 충족하려면 HANA 시스템의 데이터 및 로그 파일 시스템에 대한 전용 LUN과 데이터 저장소를 구성해야 합니다. 데이터 저장소는 여러 HANA 시스템이나 다른 워크로드 간에 공유되어서는 안 됩니다.

VMware용 ONTAP 도구(OTV)는 HANA 시스템 VFS의 세 개 데이터 저장소를 프로비저닝하는 데 사용되었습니다.

* 하나++_++데이터++_++VFS
* 하나++_++로그++_++VFS
* 하나++_++공유++_++VFS



NOTE: HANA 공유 파일 시스템의 데이터 저장소는 여러 HANA 시스템에서도 공유될 수 있습니다.

image:sc-hana-asrr2-vmfs-image2.png["논의 중인 내용을 보여 주는 그림"]

OTV는 스토리지 시스템에서 3개의 LUN을 생성했습니다.

image:sc-hana-asrr2-vmfs-image3.png["논의 중인 내용을 보여 주는 그림"]



== VM 디스크 구성

HANA VM에 세 개의 새 디스크(VMDK)를 추가해야 합니다. 아래 그림과 같이 이전에 생성된 데이터 저장소 중 하나에 각 디스크가 있어야 합니다.

image:sc-hana-asrr2-vmfs-image4.png["논의 중인 내용을 보여 주는 그림"]

image:sc-hana-asrr2-vmfs-image5.png["논의 중인 내용을 보여 주는 그림"]

image:sc-hana-asrr2-vmfs-image6.png["논의 중인 내용을 보여 주는 그림"]

세 개의 디스크가 VM에 추가되면 OS 수준에서 나열될 수 있습니다.

....
hana-8:~ # lsblk
NAME MAJ:MIN RM SIZE RO TYPE MOUNTPOINTS
sda 8:0 0 100G 0 disk
├─sda1 8:1 0 256M 0 part /boot/efi
└─sda2 8:2 0 82G 0 part
├─system-root 254:0 0 60G 0 lvm /root
│ /var
│ /usr/local
│ /tmp
│ /srv
│ /opt
│ /home
│ /boot/grub2/x86++_++64-efi
│ /boot/grub2/i386-pc
│ /.snapshots
│ /
└─system-swap 254:1 0 2G 0 lvm [SWAP]
sdb 8:16 0 95G 0 disk
sdc 8:32 0 95G 0 disk
sdd 8:48 0 95G 0 disk
sr0 11:0 1 17.1G 0 rom
....


== VM 매개변수 disk.EnableUUID

이 매개변수는 반드시 적절히 설정해야 합니다. 그렇지 않으면 SnapCenter 데이터베이스 자동 검색이 실패합니다.

. VM 종료
. 새 매개변수 "disk.EnableUUID"를 추가하고 "TRUE"로 설정합니다.
. VM 시작


image:sc-hana-asrr2-vmfs-image7.png["논의 중인 내용을 보여 주는 그림"]



== Linux 호스트에서 파일 시스템 준비



=== 새 디스크에 xfs 파일 시스템을 생성합니다

xfs 파일 시스템이 세 개의 새 디스크 각각에 생성되었습니다.

....
hana-8:~ # mkfs.xfs /dev/sdb
meta-data=/dev/sdb isize=512 agcount=4, agsize=6225920 blks
= sectsz=512 attr=2, projid32bit=1
= crc=1 finobt=1, sparse=1, rmapbt=1
= reflink=1 bigtime=1 inobtcount=0 nrext64=0
data = bsize=4096 blocks=24903680, imaxpct=25
= sunit=0 swidth=0 blks
naming =version 2 bsize=4096 ascii-ci=0, ftype=1
log =internal log bsize=4096 blocks=16384, version=2
= sectsz=512 sunit=0 blks, lazy-count=1
realtime =none extsz=4096 blocks=0, rtextents=0
Discarding blocks...Done.

hana-8:~ # mkfs.xfs /dev/sdc
meta-data=/dev/sdc isize=512 agcount=4, agsize=6225920 blks
= sectsz=512 attr=2, projid32bit=1
= crc=1 finobt=1, sparse=1, rmapbt=1
= reflink=1 bigtime=1 inobtcount=0 nrext64=0
data = bsize=4096 blocks=24903680, imaxpct=25
= sunit=0 swidth=0 blks
naming =version 2 bsize=4096 ascii-ci=0, ftype=1
log =internal log bsize=4096 blocks=16384, version=2
= sectsz=512 sunit=0 blks, lazy-count=1
realtime =none extsz=4096 blocks=0, rtextents=0
Discarding blocks...Done.

hana-8:~ # mkfs.xfs /dev/sdd
meta-data=/dev/sdd isize=512 agcount=4, agsize=6225920 blks
= sectsz=512 attr=2, projid32bit=1
= crc=1 finobt=1, sparse=1, rmapbt=1
= reflink=1 bigtime=1 inobtcount=0 nrext64=0
data = bsize=4096 blocks=24903680, imaxpct=25
= sunit=0 swidth=0 blks
naming =version 2 bsize=4096 ascii-ci=0, ftype=1
log =internal log bsize=4096 blocks=16384, version=2
= sectsz=512 sunit=0 blks, lazy-count=1
realtime =none extsz=4096 blocks=0, rtextents=0
Discarding blocks...Done.

hana-8:~ #
....


=== 마운트 지점 생성

....
hana-8:/ # mkdir -p /hana/data/VFS/mnt00001
hana-8:/ # mkdir -p /hana/log/VFS/mnt00001
hana-8:/ # mkdir -p /hana/shared
hana-8:/ # chmod –R 777 /hana/log/SMA
hana-8:/ # chmod –R 777 /hana/data/SMA
hana-8:/ # chmod -R 777 /hana/shared
....


=== /etc/fstab 구성

....
hana-8:/ # cat /etc/fstab

/dev/system/root / btrfs defaults 0 0
/dev/system/root /var btrfs subvol=/@/var 0 0
/dev/system/root /usr/local btrfs subvol=/@/usr/local 0 0
/dev/system/root /tmp btrfs subvol=/@/tmp 0 0
/dev/system/root /srv btrfs subvol=/@/srv 0 0
/dev/system/root /root btrfs subvol=/@/root 0 0
/dev/system/root /opt btrfs subvol=/@/opt 0 0
/dev/system/root /home btrfs subvol=/@/home 0 0
/dev/system/root /boot/grub2/x86++_++64-efi btrfs subvol=/@/boot/grub2/x86++_++64-efi 0 0
/dev/system/root /boot/grub2/i386-pc btrfs subvol=/@/boot/grub2/i386-pc 0 0
/dev/system/swap swap swap defaults 0 0
/dev/system/root /.snapshots btrfs subvol=/@/.snapshots 0 0
UUID=FB79-24DC /boot/efi vfat utf8 0 2
### SAPCC_share
192.168.175.86:/sapcc_share /mnt/sapcc-share nfs rw,vers=3,hard,timeo=600,rsize=1048576,wsize=1048576,intr,noatime,nolock 0 0
/dev/sdb /hana/data/VFS/mnt00001 xfs relatime,inode64 0 0
/dev/sdc /hana/log/VFS/mnt00001 xfs relatime,inode64 0 0
/dev/sdd /hana/shared xfs defaults 0 0
hana-8:/ #

hana-8:/ # df -h
Filesystem Size Used Avail Use% Mounted on
/dev/mapper/system-root 60G 4.4G 54G 8% /
devtmpfs 4.0M 0 4.0M 0% /dev
tmpfs 49G 0 49G 0% /dev/shm
efivarfs 256K 57K 195K 23% /sys/firmware/efi/efivars
tmpfs 13G 18M 13G 1% /run
tmpfs 1.0M 0 1.0M 0% /run/credentials/systemd-tmpfiles-setup-dev-early.service
tmpfs 1.0M 0 1.0M 0% /run/credentials/systemd-sysctl.service
tmpfs 1.0M 0 1.0M 0% /run/credentials/systemd-tmpfiles-setup-dev.service
tmpfs 1.0M 0 1.0M 0% /run/credentials/systemd-vconsole-setup.service
/dev/mapper/system-root 60G 4.4G 54G 8% /.snapshots
/dev/mapper/system-root 60G 4.4G 54G 8% /boot/grub2/i386-pc
/dev/mapper/system-root 60G 4.4G 54G 8% /boot/grub2/x86++_++64-efi
/dev/mapper/system-root 60G 4.4G 54G 8% /home
/dev/mapper/system-root 60G 4.4G 54G 8% /opt
/dev/mapper/system-root 60G 4.4G 54G 8% /srv
/dev/mapper/system-root 60G 4.4G 54G 8% /tmp
/dev/mapper/system-root 60G 4.4G 54G 8% /usr/local
/dev/mapper/system-root 60G 4.4G 54G 8% /var
/dev/sda1 253M 5.9M 247M 3% /boot/efi
/dev/mapper/system-root 60G 4.4G 54G 8% /root
tmpfs 1.0M 0 1.0M 0% /run/credentials/systemd-tmpfiles-setup.service
tmpfs 6.3G 72K 6.3G 1% /run/user/464
tmpfs 1.0M 0 1.0M 0% /run/credentials/getty@tty1.service
tmpfs 6.3G 52K 6.3G 1% /run/user/0
192.168.175.86:/sapcc_share 1.4T 840G 586G 59% /mnt/sapcc-share
/dev/sdb 95G 1.9G 94G 2% /hana/data/VFS/mnt00001
/dev/sdc 95G 1.9G 94G 2% /hana/log/VFS/mnt00001
/dev/sdd 95G 1.9G 94G 2% /hana/shared

hana-8:/ #
....


== HANA 설치

이제 HANA 설치를 실행할 수 있습니다.


NOTE: 설명된 구성에 따르면 /usr/sap/VFS 디렉토리는 OS VMDK에 위치하게 됩니다. /usr/SAP/VFS를 공유 VMDK에 저장해야 하는 경우 HANA 공유 디스크를 분할하여 /usr/SAP/VFS에 대한 다른 파일 시스템을 제공할 수 있습니다.
